data/mockData.ts(40,5): error TS2739: Type '{ id: string; title: string; description: string; assignedTo: string; createdBy: string; status: "pending"; type: "obligatory"; frequency: "daily"; dueTime: string; }' is missing the following properties from type 'Task': points, dueDate
data/mockData.ts(51,5): error TS2739: Type '{ id: string; title: string; description: string; assignedTo: string; createdBy: string; status: "pending"; type: "obligatory"; frequency: "daily"; dueTime: string; }' is missing the following properties from type 'Task': points, dueDate
data/mockData.ts(62,5): error TS2739: Type '{ id: string; title: string; description: string; assignedTo: string; createdBy: string; status: "pending"; type: "obligatory"; frequency: "daily"; dueTime: string; timeWindow: { start: string; end: string; }; }' is missing the following properties from type 'Task': points, dueDate
data/mockData.ts(77,5): error TS2739: Type '{ id: string; title: string; description: string; assignedTo: string; createdBy: string; status: "pending"; type: "obligatory"; frequency: "daily"; dueTime: string; }' is missing the following properties from type 'Task': points, dueDate
data/mockData.ts(88,5): error TS2739: Type '{ id: string; title: string; description: string; assignedTo: string; createdBy: string; status: "pending"; type: "obligatory"; frequency: "daily"; dueTime: string; }' is missing the following properties from type 'Task': points, dueDate
data/mockData.ts(99,5): error TS2739: Type '{ id: string; title: string; description: string; assignedTo: string; createdBy: string; status: "pending"; type: "obligatory"; frequency: "daily"; dueTime: string; }' is missing the following properties from type 'Task': points, dueDate
data/mockData.ts(110,5): error TS2739: Type '{ id: string; title: string; description: string; assignedTo: string; createdBy: string; status: "pending"; type: "obligatory"; frequency: "daily"; dueTime: string; }' is missing the following properties from type 'Task': points, dueDate
data/mockData.ts(134,5): error TS2741: Property 'dueDate' is missing in type '{ id: string; title: string; description: string; assignedTo: string; createdBy: string; status: "pending"; type: "additional"; frequency: "weekly"; points: number; }' but required in type 'Task'.
data/mockData.ts(146,5): error TS2741: Property 'dueDate' is missing in type '{ id: string; title: string; description: string; assignedTo: string; createdBy: string; status: "pending"; type: "obligatory"; frequency: "daily"; points: number; dueTime: string; }' but required in type 'Task'.
data/mockData.ts(158,5): error TS2741: Property 'dueDate' is missing in type '{ id: string; title: string; description: string; assignedTo: string; createdBy: string; status: "pending"; type: "additional"; frequency: "weekly"; points: number; }' but required in type 'Task'.
data/mockData.ts(169,5): error TS2741: Property 'dueDate' is missing in type '{ id: string; title: string; description: string; assignedTo: string; createdBy: string; status: "pending"; type: "obligatory"; frequency: "daily"; points: number; timeWindow: { start: string; end: string; }; }' but required in type 'Task'.
data/mockData.ts(184,5): error TS2741: Property 'dueDate' is missing in type '{ id: string; title: string; description: string; assignedTo: string; createdBy: string; status: "pending"; type: "obligatory"; frequency: "daily"; points: number; timeWindow: { start: string; end: string; }; }' but required in type 'Task'.
data/mockData.ts(199,5): error TS2741: Property 'dueDate' is missing in type '{ id: string; title: string; description: string; assignedTo: string; createdBy: string; status: "pending"; type: "obligatory"; frequency: "weekly"; points: number; dueTime: string; }' but required in type 'Task'.
data/mockData.ts(211,5): error TS2741: Property 'dueDate' is missing in type '{ id: string; title: string; description: string; assignedTo: string; createdBy: string; status: "pending"; type: "additional"; frequency: "one-time"; points: number; timeWindow: { start: string; end: string; }; }' but required in type 'Task'.
